*******xxxxxxx*******
*******xxxxxxx*******
*******xxxxxxx*******
*******xxxxxxx*******
*******xxxxxxx*******
*******xxxxxxx*******
*******xxxxxxx*******
       xxxxxxxxxxxxxx
       xxxxxxxxxxxxxx
       xxxxxxxxxxxxxx
       xxxxxxxxxxxxxx
       xxxxxxxxxxxxxx
       xxxxxxxxxxxxxx
       xxxxxxxxxxxxxx
*******       *******
*******       *******
*******       *******
*******       *******
*******       *******
*******       *******
*******       *******
