['Mazda', 'Nissan', 'Hyundai', 'Honda', 'Subaru', 'Kia', 'Fiat', 'Toyota']